<?xml version="1.0" encoding="UTF-8"?>
<output_xml>
<execution_envelope>
<status>ERROR</status>
<audit_id>audit_stub_txname_rollback</audit_id>
<operation>-</operation>
<error_code>LEVEL2_FIELD_INVALID</error_code>
<error_text>Row 1: Field &apos;NUMBER_COL&apos;: invalid character &apos;n&apos; in numeric value</error_text>
</execution_envelope>
</output_xml>
