<?xml version="1.0" encoding="UTF-8"?>
<output_xml>
<execution_envelope>
<status>ERROR</status>
<audit_id>audit_stub_async_empty_url</audit_id>
<operation>-</operation>
<error_code>LEVEL2_ASYNC_INVALID</error_code>
<error_text>Request aborted. Level 2 validation failed - execute_async=1 requires a non-empty async_call_back_url.</error_text>
</execution_envelope>
</output_xml>
