<?xml version="1.0" encoding="UTF-8"?>
<output_xml>
<execution_envelope>
<status>ERROR</status>
<audit_id>audit_stub_insert_round_8</audit_id>
<operation>-</operation>
<error_code>LEVEL2_FIELD_INVALID</error_code>
<error_text>Row 1: NOT NULL column &apos;CHANGE_REASON&apos; (no default) was not supplied</error_text>
</execution_envelope>
</output_xml>
