<?xml version="1.0" encoding="UTF-8"?>
<output_xml>
<execution_envelope>
<status>ERROR</status>
<audit_id>audit_stub_insert_round_7</audit_id>
<operation>-</operation>
<error_code>LEVEL2_FIELD_INVALID</error_code>
<error_text>Row 1, field &apos;NOT_A_REAL_COLUMN&apos;: no such column on DATA_MANAGER.OCI_FIELD_TEST</error_text>
</execution_envelope>
</output_xml>
