{"resultset":[{"row_number":1,"fields":[{"field_name":"FLOAT_COL","field_type":"NUMBER","field_value":""}]},{"row_number":2,"fields":[{"field_name":"FLOAT_COL","field_type":"NUMBER","field_value":""}]},{"row_number":3,"fields":[{"field_name":"FLOAT_COL","field_type":"NUMBER","field_value":""}]},{"row_number":4,"fields":[{"field_name":"FLOAT_COL","field_type":"NUMBER","field_value":""}]},{"row_number":5,"fields":[{"field_name":"FLOAT_COL","field_type":"NUMBER","field_value":""}]}]}