{"status":"ERROR","audit_id":"audit_stub_droptable_round_4_destructive","operation":"DROP_TABLE","error_code":"DDL_EXECUTION_FAILED","error_text":"Refusing to execute DROP_TABLE: a managed transaction is active (tx_id='ba6aa7cd-3549-4f20-a468-8bbcd532209b'). Oracle DDL implicitly commits, which would silently commit that transaction's pending work. Commit or roll back the active transaction first."}