{"operation":"CREATE_TABLE","status":"TEMPLATE_GENERATED","table_name":"MIGRATION_LOG","column_count":3,"generated_ddl":"CREATE TABLE HR.MIGRATION_LOG (\n  LOG_ID NUMBER(10) NOT NULL,\n  LOG_MESSAGE VARCHAR2(4000),\n  CREATED_DATE DATE DEFAULT SYSDATE NOT NULL,\n  CONSTRAINT MIGRATION_LOG_PK PRIMARY KEY (LOG_ID)\n);"}