<?xml version="1.0" encoding="UTF-8"?>
<output_xml>
<execution_envelope>
<status>ERROR</status>
<audit_id>audit_stub_createview_round_2</audit_id>
<operation>-</operation>
<error_code>LEVEL2_FIELD_INVALID</error_code>
<error_text>query for view &apos;BAD_VIEW&apos; must not contain &apos;;&apos; - a CREATE VIEW ... AS clause takes exactly one statement</error_text>
</execution_envelope>
</output_xml>
