<?xml version="1.0" encoding="UTF-8"?>
<output_xml>
<execution_envelope>
<status>ERROR</status>
<audit_id>audit_stub_authenticate_round_7</audit_id>
<operation>-</operation>
<error_code>LEVEL2_FIELD_INVALID</error_code>
<error_text>Request aborted. Level 2 validation failed - credential is required.</error_text>
</execution_envelope>
</output_xml>
